﻿
> build
> vite build

[36mvite v5.4.21 [32mbuilding for production...[36m[39m
transforming...
[32mΓ£ô[39m 1 modules transformed.
node.exe : [31mx[39m 
Build failed in 279ms
En C:\Program 
Files\nodejs\npm.ps1: 
29 Carácter: 3
+   & $NODE_EXE 
$NPM_CLI_JS $args
+   ~~~~~~~~~~~~~~~~~~~
~~~~~~~~~~
    + CategoryInfo     
         : NotSpecifi  
  ed: ([31mx[39m B   
 uild failed in 279    
ms:String) [], Rem    
oteException
    + FullyQualifiedEr 
   rorId : NativeComm  
  andError
 
[31merror during 
build:
[31m[vite:css] 
[postcss] It looks 
like you're trying to 
use `tailwindcss` 
directly as a PostCSS 
plugin. The PostCSS 
plugin has moved to a 
separate package, so 
to continue using 
Tailwind CSS with 
PostCSS you'll need to 
install 
`@tailwindcss/postcss` 
and update your 
PostCSS 
configuration.[31m
file: [36mC:\laragon\w
ww\Propinas\laravel\res
ources\css\app.css:unde
fined:NaN[31m
    at at (C:\laragon\w
ww\Propinas\laravel\nod
e_modules\tailwindcss\d
ist\lib.js:38:1643)
    at 
LazyResult.runOnRoot (C
:\laragon\www\Propinas\
laravel\node_modules\po
stcss\lib\lazy-result.j
s:361:16)
    at 
LazyResult.runAsync (C:
\laragon\www\Propinas\l
aravel\node_modules\pos
tcss\lib\lazy-result.js
:290:26)
    at 
LazyResult.async (C:\la
ragon\www\Propinas\lara
vel\node_modules\postcs
s\lib\lazy-result.js:19
2:30)
    at LazyResult.then 
(C:\laragon\www\Propina
s\laravel\node_modules\
postcss\lib\lazy-result
.js:436:17)[39m
